// Jest Snapshot v1, https://goo.gl/fbAQLP

exports[`Modal renders correctly 1`] = `
Array [
  <span
    className="jsx-3314422632"
  />,
  <div
    className="jsx-3314422632 jsx-654452721"
  >
    <em
      className="jsx-3314422632"
    >
      <img
        alt="erroe"
        className="jsx-3314422632"
        src={[Function]}
      />
    </em>
    <p
      className="jsx-3314422632"
    >
      Wrong answer!
    </p>
    <button
      className="jsx-1173346177"
      onClick={[Function]}
    >
      Next 
      <img
        alt="Next"
        className="jsx-3314422632"
        src={[Function]}
      />
    </button>
  </div>,
]
`;
